2025-10-10 22:04:58 Loading main app package /usr/lib/obsidian/obsidian.asar
2025-10-10 22:04:59 Checking for update using Github
2025-10-10 22:04:59 Success.
2025-10-10 22:04:59 Latest version is 1.9.14
2025-10-10 22:04:59 App is up to date.
2025-10-10 22:11:46 Loading main app package /usr/lib/obsidian/obsidian.asar
2025-10-10 22:11:46 Checking for update using Github
2025-10-10 22:11:47 Success.
2025-10-10 22:11:47 Latest version is 1.9.14
2025-10-10 22:11:47 App is up to date.
2025-10-10 22:22:30 Loading main app package /usr/lib/obsidian/obsidian.asar
2025-10-10 22:22:30 Checking for update using Github
2025-10-10 22:22:31 Success.
2025-10-10 22:22:31 Latest version is 1.9.14
2025-10-10 22:22:31 App is up to date.
2025-10-10 22:22:41 Loading main app package /usr/lib/obsidian/obsidian.asar
2025-10-10 22:22:41 Checking for update using Github
2025-10-10 22:22:41 Success.
2025-10-10 22:22:41 Latest version is 1.9.14
2025-10-10 22:22:41 App is up to date.
2025-10-10 22:25:38 Loading main app package /usr/lib/obsidian/obsidian.asar
2025-10-10 22:25:38 Checking for update using Github
2025-10-10 22:25:39 Success.
2025-10-10 22:25:39 Latest version is 1.9.14
2025-10-10 22:25:39 App is up to date.
2025-10-10 22:25:51 Loading main app package /usr/lib/obsidian/obsidian.asar
2025-10-10 22:25:51 Checking for update using Github
2025-10-10 22:25:51 Success.
2025-10-10 22:25:51 Latest version is 1.9.14
2025-10-10 22:25:51 App is up to date.
2025-10-10 22:26:35 Loading main app package /usr/lib/obsidian/obsidian.asar
2025-10-10 22:26:35 Checking for update using Github
2025-10-10 22:26:35 Success.
2025-10-10 22:26:35 Latest version is 1.9.14
2025-10-10 22:26:35 App is up to date.
2025-10-10 22:26:58 Loading main app package /usr/lib/obsidian/obsidian.asar
2025-10-10 22:26:59 Checking for update using Github
2025-10-10 22:26:59 Success.
2025-10-10 22:26:59 Latest version is 1.9.14
2025-10-10 22:26:59 App is up to date.
2025-10-10 23:43:07 Loading main app package /usr/lib/obsidian/obsidian.asar
2025-10-10 23:43:07 Checking for update using Github
2025-10-10 23:43:08 Success.
2025-10-10 23:43:08 Latest version is 1.9.14
2025-10-10 23:43:08 App is up to date.
2025-11-06 10:14:02 Loading main app package /usr/lib/obsidian/obsidian.asar
2025-11-06 10:14:02 Checking for update using Github
2025-11-06 10:14:02 Success.
2025-11-06 10:14:02 Latest version is 1.9.14
2025-11-06 10:14:02 App is up to date.
2025-11-08 23:46:40 Loading main app package /usr/lib/obsidian/obsidian.asar
2025-11-08 23:46:41 Checking for update using Github
2025-11-08 23:46:41 Success.
2025-11-08 23:46:41 Latest version is 1.9.14
2025-11-08 23:46:41 App is up to date.
2025-11-09 00:46:40 Checking for update using Github
2025-11-09 00:46:41 Success.
2025-11-09 00:46:41 Latest version is 1.9.14
2025-11-09 00:46:41 App is up to date.
2025-11-09 01:46:40 Checking for update using Github
2025-11-09 01:46:41 Success.
2025-11-09 01:46:41 Latest version is 1.9.14
2025-11-09 01:46:41 App is up to date.
2025-11-22 00:00:54 Loading main app package /usr/lib/obsidian/obsidian.asar
2025-11-22 00:00:54 Checking for update using Github
2025-11-22 00:00:55 Success.
2025-11-22 00:00:55 Latest version is 1.10.3
2025-11-22 00:00:55 App is up to date.
2025-11-22 01:08:10 Loading main app package /usr/lib/obsidian/obsidian.asar
2025-11-22 01:08:10 Checking for update using Github
2025-11-22 01:08:10 Success.
2025-11-22 01:08:10 Latest version is 1.10.3
2025-11-22 01:08:10 App is up to date.
2025-12-05 20:10:11 Loading main app package /usr/lib/obsidian/obsidian.asar
2025-12-05 20:10:11 Checking for update using Github
2025-12-05 20:10:12 Success.
2025-12-05 20:10:12 Latest version is 1.10.6
2025-12-05 20:10:12 App is up to date.
2025-12-05 22:40:52 Checking for update using Github
2025-12-05 22:40:52 Success.
2025-12-05 22:40:52 Latest version is 1.10.6
2025-12-05 22:40:52 App is up to date.
2025-12-05 23:40:52 Checking for update using Github
2025-12-05 23:40:52 Success.
2025-12-05 23:40:52 Latest version is 1.10.6
2025-12-05 23:40:52 App is up to date.
2025-12-06 00:40:52 Checking for update using Github
2025-12-06 00:40:52 Success.
2025-12-06 00:40:52 Latest version is 1.10.6
2025-12-06 00:40:52 App is up to date.
2025-12-06 01:40:52 Checking for update using Github
2025-12-06 01:40:52 Success.
2025-12-06 01:40:52 Latest version is 1.10.6
2025-12-06 01:40:52 App is up to date.
2025-12-09 08:28:26 Loading main app package /usr/lib/obsidian/obsidian.asar
2025-12-09 08:28:26 Checking for update using Github
2025-12-09 08:28:26 Success.
2025-12-09 08:28:26 Latest version is 1.10.6
2025-12-09 08:28:26 App is up to date.
2025-12-09 09:28:26 Checking for update using Github
2025-12-09 09:28:26 Success.
2025-12-09 09:28:26 Latest version is 1.10.6
2025-12-09 09:28:26 App is up to date.
2025-12-09 10:28:26 Checking for update using Github
2025-12-09 10:28:26 Success.
2025-12-09 10:28:26 Latest version is 1.10.6
2025-12-09 10:28:26 App is up to date.
2025-12-09 11:47:10 Checking for update using Github
2025-12-09 11:47:10 Success.
2025-12-09 11:47:10 Latest version is 1.10.6
2025-12-09 11:47:10 App is up to date.
2025-12-09 12:47:10 Checking for update using Github
2025-12-09 12:47:10 Success.
2025-12-09 12:47:10 Latest version is 1.10.6
2025-12-09 12:47:10 App is up to date.
2025-12-09 14:28:03 Checking for update using Github
2025-12-09 14:28:03 Success.
2025-12-09 14:28:03 Latest version is 1.10.6
2025-12-09 14:28:03 App is up to date.
2025-12-09 17:03:28 Checking for update using Github
2025-12-09 17:03:28 Success.
2025-12-09 17:03:28 Latest version is 1.10.6
2025-12-09 17:03:28 App is up to date.
2025-12-09 18:03:28 Checking for update using Github
2025-12-09 18:03:28 Success.
2025-12-09 18:03:28 Latest version is 1.10.6
2025-12-09 18:03:28 App is up to date.
2025-12-09 20:44:26 Checking for update using Github
2025-12-09 20:44:26 Success.
2025-12-09 20:44:26 Latest version is 1.10.6
2025-12-09 20:44:26 App is up to date.
2025-12-09 21:19:40 Loading main app package /usr/lib/obsidian/obsidian.asar
2025-12-09 21:19:40 Checking for update using Github
2025-12-09 21:20:52 Loading main app package /usr/lib/obsidian/obsidian.asar
2025-12-09 21:20:52 Checking for update using Github
2025-12-09 21:44:26 Checking for update using Github
2025-12-09 21:44:26 Success.
2025-12-09 21:44:26 Latest version is 1.10.6
2025-12-09 21:44:26 App is up to date.
2025-12-10 21:02:01 Loading main app package /usr/lib/obsidian/obsidian.asar
2025-12-10 21:02:02 Checking for update using Github
2025-12-10 21:02:02 Success.
2025-12-10 21:02:02 Latest version is 1.10.6
2025-12-10 21:02:02 App is up to date.
2025-12-10 22:02:01 Checking for update using Github
2025-12-10 22:02:02 Success.
2025-12-10 22:02:02 Latest version is 1.10.6
2025-12-10 22:02:02 App is up to date.
2025-12-10 23:02:01 Checking for update using Github
2025-12-10 23:02:02 Success.
2025-12-10 23:02:02 Latest version is 1.10.6
2025-12-10 23:02:02 App is up to date.
2025-12-16 12:08:53 Loading main app package /usr/lib/obsidian/obsidian.asar
2025-12-16 12:08:54 Checking for update using Github
2025-12-16 12:08:54 Success.
2025-12-16 12:08:54 Latest version is 1.10.6
2025-12-16 12:08:54 App is up to date.
2025-12-16 13:30:51 Checking for update using Github
2025-12-16 13:30:51 Success.
2025-12-16 13:30:51 Latest version is 1.10.6
2025-12-16 13:30:51 App is up to date.
2025-12-16 14:30:51 Checking for update using Github
2025-12-16 14:30:51 Success.
2025-12-16 14:30:51 Latest version is 1.10.6
2025-12-16 14:30:51 App is up to date.
2025-12-16 16:20:54 Checking for update using Github
2025-12-16 16:20:54 Success.
2025-12-16 16:20:54 Latest version is 1.10.6
2025-12-16 16:20:54 App is up to date.
2025-12-16 17:20:54 Checking for update using Github
2025-12-16 17:20:54 Success.
2025-12-16 17:20:54 Latest version is 1.10.6
2025-12-16 17:20:54 App is up to date.
2025-12-16 18:20:54 Checking for update using Github
2025-12-16 18:20:54 Success.
2025-12-16 18:20:54 Latest version is 1.10.6
2025-12-16 18:20:54 App is up to date.
