00:00:00.264710 VirtualBox GUI VM Selector Window 7.2.4 r170995 linux.amd64 (Oct 22 2025 16:59:14) release log
00:00:00.264711 Log opened 2025-11-25T21:50:08.678612000Z
00:00:00.264712 Build Type: release
00:00:00.264713 OS Product: Linux
00:00:00.264714 OS Release: 6.17.8-arch1-1
00:00:00.264715 OS Version: #1 SMP PREEMPT_DYNAMIC Fri, 14 Nov 2025 06:54:20 +0000
00:00:00.264737 DMI Product Name: 20XLS0NM00
00:00:00.264747 DMI Product Version: ThinkPad T14 Gen 2a
00:00:00.264751 Firmware type: UEFI
00:00:00.265018 Secure Boot: Disabled
00:00:00.265052 Host RAM: 14799MB (14.4GB) total, 8673MB (8.4GB) available
00:00:00.265053 Executable: /usr/lib/virtualbox/VirtualBox
00:00:00.265053 Process ID: 68176
00:00:00.265054 Package type: LINUX_64BITS_GENERIC (OSE)
00:00:00.265072 Qt version: 6.10.0
00:00:00.265503 GUI: UIMediumEnumerator: Initial medium-enumeration finished!
00:00:00.280592 GUI: UIMediumEnumerator: Medium-enumeration started...
00:00:00.643031 GUI: UIMediumEnumerator: Medium-enumeration finished!
00:00:04.796371 GUI: UIInvisibleWindow::sltFallback: Move event missing. Screen: 0, work area: 959x539 x 800x800
00:00:04.796401 GUI: UIDesktopWidgetWatchdog::sltHandleHostScreenAvailableGeometryCalculated: Screen 0 work area is actually resized to: 959x539 x 800x800
00:02:26.861433 GUI: UIMediumEnumerator: Medium-enumeration finished!
00:02:26.897835 GUI: UIMediumEnumerator: Medium-enumeration finished!
00:02:55.982467 GUI: UIMediumEnumerator: Medium-enumeration finished!
00:02:56.016731 GUI: UIMediumEnumerator: Medium-enumeration finished!
00:03:05.230013 GUI: UIMediumEnumerator: Medium-enumeration finished!
00:03:16.729844 GUI: UIMediumEnumerator: Medium-enumeration finished!
00:05:01.297234 GUI: UIMediumEnumerator: Medium-enumeration finished!
00:05:01.329625 GUI: UIMediumEnumerator: Medium-enumeration finished!
00:05:12.122381 GUI: UIMediumEnumerator: Medium-enumeration finished!
00:05:12.140342 GUI: UIMediumEnumerator: Medium-enumeration finished!
00:05:18.048076 GUI: UIMediumEnumerator: Medium-enumeration finished!
00:05:18.073004 GUI: UIMediumEnumerator: Medium-enumeration finished!
00:06:12.646920 GUI: UIMediumEnumerator: Medium-enumeration finished!
00:06:12.677194 GUI: UIMediumEnumerator: Medium-enumeration finished!
00:06:23.266967 GUI: UIMediumEnumerator: Medium-enumeration finished!
00:06:23.287367 GUI: UIMediumEnumerator: Medium-enumeration finished!
00:20:43.705122 GUI: UICommon: Handling aboutToQuit request..
00:20:44.585697 GUI: UICommon: aboutToQuit request handled!
